@A00778:310:H2YCFDRX2:2:2101:2003:1047 2:N:0:TACCGCTA+NCCTTACG kraken:taxid|2878388
CTCCCGCCGCCGCCGCCGCCGCCGCCACCGCCGCCGCCGCCCCGACCCGCGCGCCCTCCCGAGGGAGGACGCGGGGCCGAGATCGGAAGAGCGTCGTGTAGGGAAAGAGTGTACCGTACGGTGTAGATCTCGGGGGTCGCCGGTTCAGTGA
+
FFFFFFFFFFFF:FFFFFFFFFFFFFFFFFFFFFFFFFFFFFFFFFFFFFFF:FFF,FFFF,FFF:FF:FF:,FFF:FF,:,FFFFFFF:F,F:FF,F,,FFF,F,F,:,F:,F:,F,,:F,FFF,,F,FF::,FF,:F,:F,,,,,,,,,
@A00778:310:H2YCFDRX2:2:2101:5132:1047 2:N:0:TACCGCTA+NCCTTACG kraken:taxid|580332
TGTGCGGCTGCAGGCACCGGCGTGTTGAGTTTCCGGCGTTCCGAAGGACTGAGCTCTTGTCGCGGATCCCGTCCGCCGTTTCCAGCCCCCAGTCTCAGAGCGGAGCCCACAGAGCAGGGCCCCGGCATGGCCAAAGCCGCGGCGATCGGCA
+
FFFFFFFF:FFFFFFFFFFFFFFFFF,FFFFFFF:FFFFFFFFFFFFFFF:,FFFFFFFFFFF:FFFFFFFF,FFFFF:FFFFFF::FFFFFFFFF,FFFFFF,F,FF:FFFFFFFFFFF,:FFF:FFFF,,F,FF:F:FFF:F,FF:F,:
@A00778:310:H2YCFDRX2:2:2101:5801:1047 2:N:0:TACCGCTA+NCCTTACG kraken:taxid|1835
GGGGTCCTCGGCCAGCGGCTGCAGGAACTCCAGCTGCCGGATGCGCACCGCCTTGAGGGCCATGTGCTCCTTGCGGCGGCAGGCCTCTGCGGCCAGCGTCACGTTGAGGGGGCCGCAGCGGCGGTTCTTGCAGTGGTACTTCTCGAAGACC
+
FFFFFFFFF:FFFFFFFFFFFFFFFFFFFFFFFFFFFFFFFFFFFF:FFFFFFFFFFFFFFFFFFFFFFF:FFFFFFFFF:FFFFFFFFFFFFFFFFFFFFFFFFFFFFFFFFFFFFFFFFFFFF:FFFFFFFFFFFFFFFFFFFFFFFFF
@A00778:310:H2YCFDRX2:2:2101:10013:1047 2:N:0:TACCGCTA+NCCTTACG kraken:taxid|1827
ACGTGCGCGAGTCGGGGGCTCGCACGAAAGCCGCCGTGGCGCAATGAAGGTGAAGGCCGGCGCGCTCGCCGGCCGAGGTGGGATCCCGAGGCCTCTCCAGTCCGCCGAGGGCGCACCACCGGCAGATCGGAAGAGCGTCGTGTAGGGAAAG
+
FFFFFFFFFFFFFFFFFFFFFFFFFFFFFFFFFFFFFFFFFFF:FFFFFFFFFFFFFFFFFFFFFFFFFFFFFFFFFFFFFFFFFFFFFFFFFFFFFFFFFFFFFFFFFFFFFFFFFFFFFFFFFFFFFFF:FFFFF:FF,F,,FFFF::F
@A00778:310:H2YCFDRX2:2:2101:11840:1047 2:N:0:TACCGCTA+NCCTTACG kraken:taxid|853
CTGCACAGCTCTATTGTCTTTCCTGACATCTTTGCCCGTCTTCTTTTTGTACAGTTTGATGAAGTGTTCCATGACACGCTGGTCAAAGTCTTCTCCACCCAGATGAGTATCTCCATTAGTGGCCACAACTTCGAAGACACAAATGTCAATG
+
,FFFFFF,,FFFFF,,F,FFF,FF,F:F,FFFFF,:F:FFFFFFFFFF:FFFFFF:,F:FFFF,:,,,:FF,,:FFF,FFFFF:F,:FF,F,,F,FF:F:F:F:FFFFFF,F,FFFF,,F:FFFF,FF,FFFFFF,:FF,,F,FFF,F:,,
@A00778:310:H2YCFDRX2:2:2101:15727:1047 2:N:0:TACCGCTA+NCCTTACG kraken:taxid|2
ACCGTTCTTGATTAATGAAAACATTCTTGGCAAATGCTTTCGCTCTGGTCCGTCTTGCGCCGGTCCAAGAATTTCACCTCTAGCGGCGCAATACGAATGCCCAGATCGGAAGAGCGTCGTGTAGGGAAAGAGTGTACCTTACGGTGTAGAT
+
FFFFFFFFFFFFFFFFFFFFFFFFFFFFFFFFFFFFFFFFFFFFFFFFFFFFFFFFFFFFFFFFFFFFFFFFFFFFFFFFFFFFFFFFFFFFFFFFFFFFFFFFFFFFFFFFFFFFFFFFFFFFFFFFFFFFFFFFFFFFFFFFFFFFFFF
@A00778:310:H2YCFDRX2:2:2101:16342:1047 2:N:0:TACCGCTA+NCCTTACG kraken:taxid|470
GGGGAATCCGACTGTTTAATTAAAACAAAGCATCGCGAAGGCCCGCGGCGGGTGTTGACGCGATGCGATTTCTGCCCAGTGCTCTGAATGTCAAAGTGAAGAAATTCAATGAAGCGCGGGTAAACGGCGGGAGTAACTATGACTCTCTTAA
+
FFFFFFFFFFFFFFFFFFFFFFFFFFFFFFFFFFFFFFFFFFFFFFFFFFFFFFFFFFFFFFFFFFFF:FFFFFFFFFFFFFFFFFFFFFFF:,FFFFFFFFFFFFF:F:FFFFFFF:FFFFF,FFFFFFFFFFFFFFFFF:FFFFFFFFF
@A00778:310:H2YCFDRX2:2:2101:17716:1047 2:N:0:TACCGCTA+NCCTTACG kraken:taxid|72407
TGCCTGACTTGGTCTCCCAAAGTGCTGGGATTACAGGCGTGAGCCACCACGCCCGGCCCCGACTCCTTCTTTTTTTTTTTTTTTCTTTTTCATACCACAGAGAATAGTTGGGATGAAAGGCATCCAGCCCCTGCTTCCTTTAAGATGGCCT
+
FFFFFFFFFFFFFFFFFFFFFFFFFFFFFFFFFFFFFFFFFFFFFFFFFFFFFFFFFFFFFFFFFFFFFFFFFFFFFFFFFFFF:FFFFF:F:FF:F:F:,:FFF:FFF,FF:FFFFF:FFFF:F::FFFF,FFFFFF:FFF::F:,FFFF
@A00778:310:H2YCFDRX2:2:2101:19000:1047 2:N:0:TACCGCTA+NCCTTACG kraken:taxid|544580
GGCTCCGCGGCGCTGCCGTATCGTTCCGCCTGGGCGGGATTCTGACTTAGAGGCGTTCAGTCATAATCCCACAGATGGTAGCTTCGCCCCATTGGCTCCTCAGCCAAGCACATACACCAAATGTCTGAACCTGCGGTTCCTCTCGTACTGA
+
FFFFFFFFFFFFFFFFFFFFFFFFFFFFFFFFFFFFFFFFFFFFFFFFFFFFFFFFFFFFFFFFFFFFFFFFFFFFFFFFFFFFFFFFFFFFFFFFFFFFFFFFFFF:FFFFFFFFFF:FFFFFFFFFFFFFFFFFFFFFFFFFFF:FFFF
@A00778:310:H2YCFDRX2:2:2101:21097:1047 2:N:0:TACCGCTA+NCCTTACG kraken:taxid|2558918
GCCCGGGACCCGGGACCGCCGCGGGCAGCGCCGCCGCCGCCGCCTCCCGGCTTCTCCAGGAGGCCCCCAGCCCAGGCCCGAGCCCGGGCCCCAGCAGCGGCTGCCTCTCCTCTTCGCTGCTCCAGCGAGAGCCCATGGCGACGCGAGATCG
+
FFFFFFFFFFFFFFFFFFFFFFFFFFFFFFFFFFFFFFFFFFFFFFFFFFF:FFFFFFFFFFFFFFFFFFFFFFFFFFFFFFFFFFFFFFFFFFFFFFFFFFFFFFFFFFFFFFFFFFFFFFFFFFFFFFFFFFFFFFFFFFFFFFFFFFF
@A00778:310:H2YCFDRX2:2:2101:23267:1047 2:N:0:TACCGCTA+NCCTTACG kraken:taxid|106592
GTACTCTTCTCACTGCATGTCTCTTTGGCGACGGTGTGCCAGTGAAGATGAGTTTCGCAAACATCCATCCTCTCCTGGTGTAAGAATTTGCACTTGTCAGGAACGAGAAGGGCATCACTTACAAACTCACCAACTAAGCAGCGGTAGGGAA
+
FFFFF:FFFFFFFFFFFFFFFFFFFFFFFFFFFFFFFFFFFFFFFFFFFFFFFFFFFFFFFFFFFFFFFFFFFFFFFFFFFFFFFFFFFFFFFFFFFFFF:FFFFFFFFFFF:FFFFFF:FFFFFFFFFF:FFFFFFFFFF:FFFFFFFFF
@A00778:310:H2YCFDRX2:2:2101:23647:1047 2:N:0:TACCGCTA+ACCTTACG kraken:taxid|72407
CCTCCTTAGGCAACCTGGTGGTCCTCCGCTCCCGGGAGGTCACCATATTGATGCCGAACTTAGTGCGGACACCCGATCGGCATAGCGCACTACAGCCCAGAACTCCTGGGCTCAAGCGATCCTCCCACCTCAGCCTCCCGAGTAGCTGGGA
+
FFFFFFFFFFFFFFFFFFFFFFFFFFFFFFFFFFFFFFFFFFFFFFFFFFFFFFFFFFFFFFFFFFFFFFFFFFFFFFFFFF,FFFFFFFF:F,FFFF:FF:FFFFFFFFFFF:FFFFFFFFFFFFFFFFFFFFFFFFFFFFF,FFFFFFF
@A00778:310:H2YCFDRX2:2:2101:2139:1063 2:N:0:TACCGCTA+ACCTTACG kraken:taxid|157920
CCCCTCCCCAATGTCCCCGCGGGCTTGAGTACCAGGCGGCGGGGCCAGCTCCGCCGCGATCGCCCCCTCTTCCCCTCCCTGTTAAATACACAAATATATTATATTCAATATGAATCGAGTCTGTTTCCAGCAGAAAAAAAACATACAAAAA
+
FFFFFFFFFFFFFFFFFFFFFFFFFFFFFFFFFFFFFFFFFFFFFFFFFFFFFFFFFFFFFFFFFFFFFFFFFFFFFFFFFFFFF:FFFFFFFFFFFFFFFFFFFFFFFFFFFFFFFFFFFFFFFFFFFF:FFFFFFFF:FFF,FFFFFFF
@A00778:310:H2YCFDRX2:2:2101:2501:1063 2:N:0:TACCGCTA+ACCTTACG kraken:taxid|72407
AGGAGTTCAAGACCAGTATGGGCGACATGGCAAAATACTATCTCTACAAAAAAATAAATAAACACAAAAATTAGCCAGGCATGGTGGCTCGCACCTGTAATCCCAGCTAACTCAGGAGGCTGAAGTGGGAGGACCGCTTGAGCCTGGGAGG
+
FFFFFFFFFFFFFFFFFFFFFFFFFFFFFFFFFFFFFFFFFFFFFFFFFFFFFFFFFFFFFFFFFFFFFFFFFFFFFFFFFFFFFFFFFFFFFFFFFFFF:FFFFFFFFFFFFFFFFFFFFFFFFFFF:FFFFFFFFFFFFFFFFFFFFFF
@A00778:310:H2YCFDRX2:2:2101:5484:1063 2:N:0:TACCGCTA+ACCTTACG kraken:taxid|2
CCCGTCTCTACTAAAAATACAAAAATTAGCTGGGGGTGGTGGCGCACGCCTGTAGTCCCAGCTACTCAGGAGGCTGAGGCAGGAGAATCGCTTGAACCCGGGAGAGAGAGGTTGCAGTGAGCCAAGATCGTGCCACTGCACTCCAGCCCGG
+
FFFFFFFFFFFFFFFFFFFFFFFFFFFFFFFFFFFFFFFFFFFFFFFFFFFFFFFFFFFFFFFFFFFFFFFFFFFFFFFF:FF:FFFFFFFFFFFFFFFFFFFFFFFFFFFF:FFFFFFFFFFFFFFFFFFFFFFFFFF,FFFFFFFFF:F
@A00778:310:H2YCFDRX2:2:2101:5954:1063 2:N:0:TACCGCTA+ACCTTACG kraken:taxid|83451
CGTCCGCCGCCGCCGCCGCCGCCTCCTGGGCCCGGGCGCCCCAGCGCCCGCCGCCGCCATGGCCCAGCAGCAGCAGCAGCAGCGCAGTCAGGGCCGCCGGCCGGGCCAGCAGCGGGAGGAGGCGTCCTGGGCGCGCGGGCAGATCGGAAGA
+
FFFFFFFFFFFFFFFFFFFFFFFFFFFFFFFFFFFFFFFFFFFFFFFFFFFFFFFFFFFFFFFFFFFFFFFFFFFFFFFFFFFFFFFFFFFFFFFFFFFFFFFFFFFFFFFFFFFFFFFFFFFFFFFFFFFFFFFFFFFFFFFFFFFFFFF
@A00778:310:H2YCFDRX2:2:2101:7292:1063 2:N:0:TACCGCTA+ACCTTACG kraken:taxid|2
CTCCCAGTTGATTACATTCCAAATAGCTTTTAGGTAATCAGGCCTGACATTTTTATACTGAAGGTAGTAAGCGTGCTCCCACACATCAATCCCCAGCAGTGGAATAAGGCCTGTTGTTCCTTGCAGTGGATCCTGATTTGGACAAGCAGCA
+
FFFFFFFFFFFFFFFFFFFFFFFFFFFFFFFFFFFF:FFFFFFFFFFFFFFFFFFFFFFFFFFFFFFFFFFFFFFFFFFFFFFFFFFFFFFFFFFFFFFFFFF,FFFFFFFFFFFFFFFFFFFFFFFFFFFFFFFFFFFFFFFF:FFFFFF
